// Jest Snapshot v1, https://goo.gl/fbAQLP

exports[`SocialProof Page renders SocialProof Page correctly 1`] = `
<section
  className="snapping-section social-proof-section container-fluid"
>
  <div
    className="social-proof-content-container d-flex align-items-center container"
  >
    <div
      className="social-proof-content-row m-0 gap-2 row"
    >
      <div
        className="first-column col-md-5 col-sm-12 col-12"
      >
        <h2
          className="text-center text-sm-center text-md-start"
        >
          home_what_neighbors_say
        </h2>
        <div
          className="accordion"
        >
          <div
            className="first-accordion-item accordion-item"
          >
            <h2
              className="d-flex align-items-center accordion-header"
            >
              <button
                aria-expanded={true}
                className="accordion-button"
                onClick={[Function]}
                type="button"
              >
                <svg>
                  male-avatar.svg
                </svg>
                <div
                  className="d-flex flex-column"
                >
                  <p
                    style={
                      Object {
                        "margin": "0",
                        "padding": "0",
                      }
                    }
                  >
                    Sammy Walson
                  </p>
                  <small
                    style={
                      Object {
                        "display": "block",
                        "margin": "0",
                        "padding": "0",
                      }
                    }
                  >
                    Istanbul, Uskudar
                  </small>
                </div>
              </button>
            </h2>
            <div
              aria-expanded={null}
              className="accordion-collapse collapse show"
            >
              <div
                className="accordion-body"
              >
                home_sammy_walson
              </div>
            </div>
          </div>
          <div
            className="second-accordion-item accordion-item"
          >
            <h2
              className="d-flex align-items-center accordion-header"
            >
              <button
                aria-expanded={false}
                className="accordion-button collapsed"
                onClick={[Function]}
                type="button"
              >
                <svg>
                  female-avatar.svg
                </svg>
                <div
                  className="d-flex flex-column"
                >
                  <p
                    style={
                      Object {
                        "margin": "0",
                        "padding": "0",
                      }
                    }
                  >
                    Violet Jenning
                  </p>
                  <small
                    style={
                      Object {
                        "display": "block",
                        "margin": "0",
                        "padding": "0",
                      }
                    }
                  >
                    Istanbul, Kadikoy
                  </small>
                </div>
              </button>
            </h2>
            <div
              aria-expanded={null}
              className="accordion-collapse collapse"
            >
              <div
                className="accordion-body"
              >
                home_violet_jenning
              </div>
            </div>
          </div>
          <div
            className="third-accordion-item accordion-item"
          >
            <h2
              className="d-flex align-items-center accordion-header"
            >
              <button
                aria-expanded={false}
                className="accordion-button collapsed"
                onClick={[Function]}
                type="button"
              >
                <svg>
                  male-avatar.svg
                </svg>
                <div
                  className="d-flex flex-column"
                >
                  <p
                    style={
                      Object {
                        "margin": "0",
                        "padding": "0",
                      }
                    }
                  >
                    Andrew Fitzgerald
                  </p>
                  <small
                    style={
                      Object {
                        "display": "block",
                        "margin": "0",
                        "padding": "0",
                      }
                    }
                  >
                    Istanbul, Avcilar
                  </small>
                </div>
              </button>
            </h2>
            <div
              aria-expanded={null}
              className="accordion-collapse collapse"
            >
              <div
                className="accordion-body"
              >
                home_andrew_fitzgerald
              </div>
            </div>
          </div>
        </div>
      </div>
      <div
        className="second-column mt-xs-4 mt-sm-4 mt-md-0 col-md-5 col-sm-12 col-12"
      >
        <h2
          className="text-center text-sm-center text-md-start"
        >
          home_when_neighbors_meet
        </h2>
        <div
          className="carousel slide"
          onKeyDown={[Function]}
          onMouseOut={[Function]}
          onMouseOver={[Function]}
          onTouchEnd={[Function]}
          onTouchMove={[Function]}
          onTouchStart={[Function]}
        >
          <div
            className="carousel-indicators"
          >
            <button
              aria-current={true}
              aria-label="Slide 1"
              className="active"
              data-bs-target=""
              onClick={[Function]}
              type="button"
            />
            <button
              aria-current={false}
              aria-label="Slide 2"
              data-bs-target=""
              onClick={[Function]}
              type="button"
            />
            <button
              aria-current={false}
              aria-label="Slide 3"
              data-bs-target=""
              onClick={[Function]}
              type="button"
            />
          </div>
          <div
            className="carousel-inner"
          >
            <div
              className="active carousel-item"
            >
              <img
                alt="First meeting slide"
                className="d-block w-100 h-100"
                src="meeting-one.png"
              />
            </div>
            <div
              className="carousel-item"
            >
              <img
                alt="Second meeting slide"
                className="d-block w-100 h-100"
                src="meeting-two.png"
              />
            </div>
            <div
              className="carousel-item"
            >
              <img
                alt="Third meeting slide"
                className="d-block w-100 h-100"
                src="meeting-three.png"
              />
            </div>
          </div>
          <a
            className="carousel-control-prev"
            href="#"
            onClick={[Function]}
            onKeyDown={[Function]}
            role="button"
          >
            <span
              aria-hidden="true"
              className="carousel-control-prev-icon"
            />
            <span
              className="visually-hidden"
            >
              Previous
            </span>
          </a>
          <a
            className="carousel-control-next"
            href="#"
            onClick={[Function]}
            onKeyDown={[Function]}
            role="button"
          >
            <span
              aria-hidden="true"
              className="carousel-control-next-icon"
            />
            <span
              className="visually-hidden"
            >
              Next
            </span>
          </a>
        </div>
      </div>
    </div>
  </div>
</section>
`;
