// Jest Snapshot v1, https://goo.gl/fbAQLP

exports[`FAQContent Section renders Features section correctly 1`] = `
<div
  className="faq-content-container d-flex align-items-center container"
>
  <div
    className="faq-content-row m-0 row"
  >
    <div
      className="first-column d-flex flex-column justify-content-center align-items-start col-md-6 col-sm-12 col-12"
    >
      <h2>
        global_FAQ
      </h2>
      <h5>
        global_safety
      </h5>
      <p>
        global_safety-text
      </p>
      <h5>
        global_the_point
      </h5>
      <p>
        global_the_point_text
      </p>
      <h5>
        global_how_it_works
      </h5>
      <p>
        global_how_it_works_text
      </p>
    </div>
    <div
      className="my-md-auto d-flex d-sm-flex d-md-block justify-content-center justify-content-sm-center justify-content-md-center col-md-6 col-sm-12 col-12"
    >
      <img
        alt="img"
        className="img-fluid"
        src="UndrawQuestion.png"
      />
    </div>
  </div>
</div>
`;
